* Parsing memspecs/MICRON_2Gb_LPDDR2-1066-S4_16bit_A.xml
* Analysis start time: Mon Apr 11 23:20:53 2016
* Analyzing the input trace
* Trace Details:

#ACT commands: 84
#RD + #RDA commands: 168
#WR + #WRA commands: 0
#PRE (+ PREA) commands: 84
#REF commands: 0
#REFB commands: 0
#Active Cycles: 1646
  #Active Idle Cycles: 0
  #Active Power-Up Cycles: 0
    #Auto-Refresh Active cycles during Self-Refresh Power-Up: 0
#Precharged Cycles: 9
  #Precharged Idle Cycles: 0
  #Precharged Power-Up Cycles: 0
    #Auto-Refresh Precharged cycles during Self-Refresh Power-Up: 0
  #Self-Refresh Power-Up Cycles: 0
Total Idle Cycles (Active + Precharged): 0
#Power-Downs: 0
  #Active Fast-exit Power-Downs: 0
  #Active Slow-exit Power-Downs: 0
  #Precharged Fast-exit Power-Downs: 0
  #Precharged Slow-exit Power-Downs: 0
#Power-Down Cycles: 0
  #Active Fast-exit Power-Down Cycles: 0
  #Active Slow-exit Power-Down Cycles: 0
    #Auto-Refresh Active cycles during Self-Refresh: 0
  #Precharged Fast-exit Power-Down Cycles: 0
  #Precharged Slow-exit Power-Down Cycles: 0
    #Auto-Refresh Precharged cycles during Self-Refresh: 0
#Auto-Refresh Cycles: 0
#Self-Refreshes: 0
#Self-Refresh Cycles: 0
----------------------------------------
Total Trace Length (clock cycles): 1655
----------------------------------------

* Trace Power and Energy Estimates:

ACT Cmd Energy: 301000.53 pJ
PRE Cmd Energy: 130122.78 pJ
RD Cmd Energy: 305161.13 pJ
WR Cmd Energy: 0.00 pJACT Stdby Energy: 117844.95 pJ
  Active Idle Energy: 0.00 pJ
  Active Power-Up Energy: 0.00 pJ
    Active Stdby Energy during Auto-Refresh cycles in Self-Refresh Power-Up: 0.00 pJ
PRE Stdby Energy: 497.45 pJ
  Precharge Idle Energy: 0.00 pJ
  Precharged Power-Up Energy: 0.00 pJ
    Precharge Stdby Energy during Auto-Refresh cycles in Self-Refresh Power-Up: 0.00 pJ
  Self-Refresh Power-Up Energy: 0.00 pJ
Total Idle Energy (Active + Precharged): 0.00 pJ
Total Power-Down Energy: 0.00 pJ
  Fast-Exit Active Power-Down Energy: 0.00 pJ
  Slow-Exit Active Power-Down Energy: 0.00 pJ
    Slow-Exit Active Power-Down Energy during Auto-Refresh cycles in Self-Refresh: 0.00 pJ
  Fast-Exit Precharged Power-Down Energy: 0.00 pJ
  Slow-Exit Precharged Power-Down Energy: 0.00 pJ
    Slow-Exit Precharged Power-Down Energy during Auto-Refresh cycles in Self-Refresh: 0.00 pJ
Auto-Refresh Energy: 0.00 pJ
Bankwise-Refresh Energy: 0.00 pJ
Self-Refresh Energy: 0.00 pJ
----------------------------------------
Total Trace Energy: 854626.83 pJ
Average Power: 275.24 mW
----------------------------------------
* Power Computation End time: Mon Apr 11 23:20:53 2016
* Total Simulation time: 0.00488 seconds
