* Parsing memspecs/MICRON_1Gb_DDR3-1600_8bit_G_3s.xml
* Analysis start time: Sat Oct  1 02:32:49 2016
* Analyzing the input trace
* Bankwise mode: enabled (power offset factors  ρ=75% ,σ=75% )
* Partial Array Self-Refresh: disabled

* Bankwise Details:
## @ Bank 0
  #ACT commands: 11659
  #RD + #RDA commands: 10344
  #WR + #WRA commands: 1315
  #PRE (+ PREA) commands: 11659
## @ Bank 1
  #ACT commands: 11256
  #RD + #RDA commands: 9590
  #WR + #WRA commands: 1666
  #PRE (+ PREA) commands: 11256
## @ Bank 2
  #ACT commands: 11257
  #RD + #RDA commands: 9960
  #WR + #WRA commands: 1297
  #PRE (+ PREA) commands: 11257
## @ Bank 3
  #ACT commands: 12251
  #RD + #RDA commands: 10513
  #WR + #WRA commands: 1738
  #PRE (+ PREA) commands: 12251
## @ Bank 4
  #ACT commands: 11432
  #RD + #RDA commands: 10164
  #WR + #WRA commands: 1268
  #PRE (+ PREA) commands: 11432
## @ Bank 5
  #ACT commands: 11584
  #RD + #RDA commands: 10136
  #WR + #WRA commands: 1448
  #PRE (+ PREA) commands: 11584
## @ Bank 6
  #ACT commands: 12007
  #RD + #RDA commands: 10628
  #WR + #WRA commands: 1379
  #PRE (+ PREA) commands: 12007
## @ Bank 7
  #ACT commands: 11459
  #RD + #RDA commands: 10237
  #WR + #WRA commands: 1222
  #PRE (+ PREA) commands: 11459

* Trace Details:

#ACT commands: 92905
#RD + #RDA commands: 81572
#WR + #WRA commands: 11333
#PRE (+ PREA) commands: 92905
#REF commands: 6206
#REFB commands: 0
#Active Cycles: 3018157
  #Active Idle Cycles: 390127
  #Active Power-Up Cycles: 0
    #Auto-Refresh Active cycles during Self-Refresh Power-Up: 0
#Precharged Cycles: 35709906
  #Precharged Idle Cycles: 34805772
  #Precharged Power-Up Cycles: 0
    #Auto-Refresh Precharged cycles during Self-Refresh Power-Up: 0
  #Self-Refresh Power-Up Cycles: 0
Total Idle Cycles (Active + Precharged): 35195899
#Power-Downs: 0
  #Active Fast-exit Power-Downs: 0
  #Active Slow-exit Power-Downs: 0
  #Precharged Fast-exit Power-Downs: 0
  #Precharged Slow-exit Power-Downs: 0
#Power-Down Cycles: 0
  #Active Fast-exit Power-Down Cycles: 0
  #Active Slow-exit Power-Down Cycles: 0
    #Auto-Refresh Active cycles during Self-Refresh: 0
  #Precharged Fast-exit Power-Down Cycles: 0
  #Precharged Slow-exit Power-Down Cycles: 0
    #Auto-Refresh Precharged cycles during Self-Refresh: 0
#Auto-Refresh Cycles: 546128
#Self-Refreshes: 0
#Self-Refresh Cycles: 0
----------------------------------------
Total Trace Length (clock cycles): 38728063
----------------------------------------

* Bankwise Details:
## @ Bank 0
  ACT Cmd Energy: 15356761 pJ
  PRE Cmd Energy: 5484558 pJ
  RD Cmd Energy: 6978321 pJ
  WR Cmd Energy: 921158 pJ
  Auto-Refresh Energy: 15505769 pJ
  Bankwise-Refresh Energy: 0 pJ
  ACT Stdby Energy: 29584900 pJ
  PRE Stdby Energy: 348757449 pJ
  Active Idle Energy: 3813796 pJ
  Precharge Idle Energy: 339927309 pJ
  Fast-Exit Active Power-Down Energy: 0 pJ
  Fast-Exit Precharged Power-Down Energy: 0 pJ
  Slow-Exit Active Power-Down Energy: 0 pJ
  Slow-Exit Precharged Power-Down Energy: 0 pJ
  Self-Refresh Energy: 0 pJ
  Slow-Exit Active Power-Down Energy during Auto-Refresh cycles in Self-Refresh: 0 pJ
  Slow-Exit Precharged Power-Down Energy during Auto-Refresh cycles in Self-Refresh: 0 pJ
  Self-Refresh Power-Up Energy: 0 pJ
  Active Stdby Energy during Auto-Refresh cycles in Self-Refresh Power-Up: 0 pJ
  Precharge Stdby Energy during Auto-Refresh cycles in Self-Refresh Power-Up: 0 pJ
  Active Power-Up Energy: 0 pJ
  Precharged Power-Up Energy: 0 pJ
  Total Energy: 422588915 pJ

## @ Bank 1
  ACT Cmd Energy: 14825946 pJ
  PRE Cmd Energy: 5294981 pJ
  RD Cmd Energy: 6469654 pJ
  WR Cmd Energy: 1167033 pJ
  Auto-Refresh Energy: 15505769 pJ
  Bankwise-Refresh Energy: 0 pJ
  ACT Stdby Energy: 29582123 pJ
  PRE Stdby Energy: 348757449 pJ
  Active Idle Energy: 3813796 pJ
  Precharge Idle Energy: 339927309 pJ
  Fast-Exit Active Power-Down Energy: 0 pJ
  Fast-Exit Precharged Power-Down Energy: 0 pJ
  Slow-Exit Active Power-Down Energy: 0 pJ
  Slow-Exit Precharged Power-Down Energy: 0 pJ
  Self-Refresh Energy: 0 pJ
  Slow-Exit Active Power-Down Energy during Auto-Refresh cycles in Self-Refresh: 0 pJ
  Slow-Exit Precharged Power-Down Energy during Auto-Refresh cycles in Self-Refresh: 0 pJ
  Self-Refresh Power-Up Energy: 0 pJ
  Active Stdby Energy during Auto-Refresh cycles in Self-Refresh Power-Up: 0 pJ
  Precharge Stdby Energy during Auto-Refresh cycles in Self-Refresh Power-Up: 0 pJ
  Active Power-Up Energy: 0 pJ
  Precharged Power-Up Energy: 0 pJ
  Total Energy: 421602954 pJ

## @ Bank 2
  ACT Cmd Energy: 14827263 pJ
  PRE Cmd Energy: 5295451 pJ
  RD Cmd Energy: 6719265 pJ
  WR Cmd Energy: 908548 pJ
  Auto-Refresh Energy: 15505769 pJ
  Bankwise-Refresh Energy: 0 pJ
  ACT Stdby Energy: 29581444 pJ
  PRE Stdby Energy: 348757449 pJ
  Active Idle Energy: 3813796 pJ
  Precharge Idle Energy: 339927309 pJ
  Fast-Exit Active Power-Down Energy: 0 pJ
  Fast-Exit Precharged Power-Down Energy: 0 pJ
  Slow-Exit Active Power-Down Energy: 0 pJ
  Slow-Exit Precharged Power-Down Energy: 0 pJ
  Self-Refresh Energy: 0 pJ
  Slow-Exit Active Power-Down Energy during Auto-Refresh cycles in Self-Refresh: 0 pJ
  Slow-Exit Precharged Power-Down Energy during Auto-Refresh cycles in Self-Refresh: 0 pJ
  Self-Refresh Power-Up Energy: 0 pJ
  Active Stdby Energy during Auto-Refresh cycles in Self-Refresh Power-Up: 0 pJ
  Precharge Stdby Energy during Auto-Refresh cycles in Self-Refresh Power-Up: 0 pJ
  Active Power-Up Energy: 0 pJ
  Precharged Power-Up Energy: 0 pJ
  Total Energy: 421595189 pJ

## @ Bank 3
  ACT Cmd Energy: 16136520 pJ
  PRE Cmd Energy: 5763043 pJ
  RD Cmd Energy: 7092333 pJ
  WR Cmd Energy: 1217469 pJ
  Auto-Refresh Energy: 15505769 pJ
  Bankwise-Refresh Energy: 0 pJ
  ACT Stdby Energy: 29589948 pJ
  PRE Stdby Energy: 348757449 pJ
  Active Idle Energy: 3813796 pJ
  Precharge Idle Energy: 339927309 pJ
  Fast-Exit Active Power-Down Energy: 0 pJ
  Fast-Exit Precharged Power-Down Energy: 0 pJ
  Slow-Exit Active Power-Down Energy: 0 pJ
  Slow-Exit Precharged Power-Down Energy: 0 pJ
  Self-Refresh Energy: 0 pJ
  Slow-Exit Active Power-Down Energy during Auto-Refresh cycles in Self-Refresh: 0 pJ
  Slow-Exit Precharged Power-Down Energy during Auto-Refresh cycles in Self-Refresh: 0 pJ
  Self-Refresh Power-Up Energy: 0 pJ
  Active Stdby Energy during Auto-Refresh cycles in Self-Refresh Power-Up: 0 pJ
  Precharge Stdby Energy during Auto-Refresh cycles in Self-Refresh Power-Up: 0 pJ
  Active Power-Up Energy: 0 pJ
  Precharged Power-Up Energy: 0 pJ
  Total Energy: 424062530 pJ

## @ Bank 4
  ACT Cmd Energy: 15057766 pJ
  PRE Cmd Energy: 5377774 pJ
  RD Cmd Energy: 6856888 pJ
  WR Cmd Energy: 888234 pJ
  Auto-Refresh Energy: 15505769 pJ
  Bankwise-Refresh Energy: 0 pJ
  ACT Stdby Energy: 29582287 pJ
  PRE Stdby Energy: 348757449 pJ
  Active Idle Energy: 3813796 pJ
  Precharge Idle Energy: 339927309 pJ
  Fast-Exit Active Power-Down Energy: 0 pJ
  Fast-Exit Precharged Power-Down Energy: 0 pJ
  Slow-Exit Active Power-Down Energy: 0 pJ
  Slow-Exit Precharged Power-Down Energy: 0 pJ
  Self-Refresh Energy: 0 pJ
  Slow-Exit Active Power-Down Energy during Auto-Refresh cycles in Self-Refresh: 0 pJ
  Slow-Exit Precharged Power-Down Energy during Auto-Refresh cycles in Self-Refresh: 0 pJ
  Self-Refresh Power-Up Energy: 0 pJ
  Active Stdby Energy during Auto-Refresh cycles in Self-Refresh Power-Up: 0 pJ
  Precharge Stdby Energy during Auto-Refresh cycles in Self-Refresh Power-Up: 0 pJ
  Active Power-Up Energy: 0 pJ
  Precharged Power-Up Energy: 0 pJ
  Total Energy: 422026167 pJ

## @ Bank 5
  ACT Cmd Energy: 15257974 pJ
  PRE Cmd Energy: 5449277 pJ
  RD Cmd Energy: 6837999 pJ
  WR Cmd Energy: 1014324 pJ
  Auto-Refresh Energy: 15505769 pJ
  Bankwise-Refresh Energy: 0 pJ
  ACT Stdby Energy: 29583915 pJ
  PRE Stdby Energy: 348757449 pJ
  Active Idle Energy: 3813796 pJ
  Precharge Idle Energy: 339927309 pJ
  Fast-Exit Active Power-Down Energy: 0 pJ
  Fast-Exit Precharged Power-Down Energy: 0 pJ
  Slow-Exit Active Power-Down Energy: 0 pJ
  Slow-Exit Precharged Power-Down Energy: 0 pJ
  Self-Refresh Energy: 0 pJ
  Slow-Exit Active Power-Down Energy during Auto-Refresh cycles in Self-Refresh: 0 pJ
  Slow-Exit Precharged Power-Down Energy during Auto-Refresh cycles in Self-Refresh: 0 pJ
  Self-Refresh Power-Up Energy: 0 pJ
  Active Stdby Energy during Auto-Refresh cycles in Self-Refresh Power-Up: 0 pJ
  Precharge Stdby Energy during Auto-Refresh cycles in Self-Refresh Power-Up: 0 pJ
  Active Power-Up Energy: 0 pJ
  Precharged Power-Up Energy: 0 pJ
  Total Energy: 422406706 pJ

## @ Bank 6
  ACT Cmd Energy: 15815133 pJ
  PRE Cmd Energy: 5648262 pJ
  RD Cmd Energy: 7169914 pJ
  WR Cmd Energy: 965990 pJ
  Auto-Refresh Energy: 15505769 pJ
  Bankwise-Refresh Energy: 0 pJ
  ACT Stdby Energy: 29587359 pJ
  PRE Stdby Energy: 348757449 pJ
  Active Idle Energy: 3813796 pJ
  Precharge Idle Energy: 339927309 pJ
  Fast-Exit Active Power-Down Energy: 0 pJ
  Fast-Exit Precharged Power-Down Energy: 0 pJ
  Slow-Exit Active Power-Down Energy: 0 pJ
  Slow-Exit Precharged Power-Down Energy: 0 pJ
  Self-Refresh Energy: 0 pJ
  Slow-Exit Active Power-Down Energy during Auto-Refresh cycles in Self-Refresh: 0 pJ
  Slow-Exit Precharged Power-Down Energy during Auto-Refresh cycles in Self-Refresh: 0 pJ
  Self-Refresh Power-Up Energy: 0 pJ
  Active Stdby Energy during Auto-Refresh cycles in Self-Refresh Power-Up: 0 pJ
  Precharge Stdby Energy during Auto-Refresh cycles in Self-Refresh Power-Up: 0 pJ
  Active Power-Up Energy: 0 pJ
  Precharged Power-Up Energy: 0 pJ
  Total Energy: 423449875 pJ

## @ Bank 7
  ACT Cmd Energy: 15093329 pJ
  PRE Cmd Energy: 5390475 pJ
  RD Cmd Energy: 6906136 pJ
  WR Cmd Energy: 856011 pJ
  Auto-Refresh Energy: 15505769 pJ
  Bankwise-Refresh Energy: 0 pJ
  ACT Stdby Energy: 29583814 pJ
  PRE Stdby Energy: 348757449 pJ
  Active Idle Energy: 3813796 pJ
  Precharge Idle Energy: 339927309 pJ
  Fast-Exit Active Power-Down Energy: 0 pJ
  Fast-Exit Precharged Power-Down Energy: 0 pJ
  Slow-Exit Active Power-Down Energy: 0 pJ
  Slow-Exit Precharged Power-Down Energy: 0 pJ
  Self-Refresh Energy: 0 pJ
  Slow-Exit Active Power-Down Energy during Auto-Refresh cycles in Self-Refresh: 0 pJ
  Slow-Exit Precharged Power-Down Energy during Auto-Refresh cycles in Self-Refresh: 0 pJ
  Self-Refresh Power-Up Energy: 0 pJ
  Active Stdby Energy during Auto-Refresh cycles in Self-Refresh Power-Up: 0 pJ
  Precharge Stdby Energy during Auto-Refresh cycles in Self-Refresh Power-Up: 0 pJ
  Active Power-Up Energy: 0 pJ
  Precharged Power-Up Energy: 0 pJ
  Total Energy: 422092983 pJ


* Trace Power and Energy Estimates:

ACT Cmd Energy: 122328013.50 pJ
PRE Cmd Energy: 43758255.00 pJ
RD Cmd Energy: 55030510.50 pJ
WR Cmd Energy: 7938766.50 pJACT Stdby Energy: 236038740.88 pJ
  Active Idle Energy: 30510369.69 pJ
  Active Power-Up Energy: 0.00 pJ
    Active Stdby Energy during Auto-Refresh cycles in Self-Refresh Power-Up: 0.00 pJ
PRE Stdby Energy: 2790059593.16 pJ
  Precharge Idle Energy: 2719418473.58 pJ
  Precharged Power-Up Energy: 0.00 pJ
    Precharge Stdby Energy during Auto-Refresh cycles in Self-Refresh Power-Up: 0.00 pJ
  Self-Refresh Power-Up Energy: 0.00 pJ
Total Idle Energy (Active + Precharged): 2749928843.27 pJ
Total Power-Down Energy: 0.00 pJ
  Fast-Exit Active Power-Down Energy: 0.00 pJ
  Slow-Exit Active Power-Down Energy: 0.00 pJ
    Slow-Exit Active Power-Down Energy during Auto-Refresh cycles in Self-Refresh: 0.00 pJ
  Fast-Exit Precharged Power-Down Energy: 0.00 pJ
  Slow-Exit Precharged Power-Down Energy: 0.00 pJ
    Slow-Exit Precharged Power-Down Energy during Auto-Refresh cycles in Self-Refresh: 0.00 pJ
Auto-Refresh Energy: 124046148.60 pJ
Bankwise-Refresh Energy: 0.00 pJ
Self-Refresh Energy: 0.00 pJ
----------------------------------------
Total Trace Energy: 3379825319.98 pJ
Average Power: 69.82 mW
----------------------------------------
* Power Computation End time: Sat Oct  1 02:32:50 2016
* Total Simulation time: 1.27693 seconds
