* Parsing ../../memspecs/MICRON_1Gb_DDR2-1066_16bit_H.xml

Number of ACTs: 11
Number of RDs: 8
Number of PREs: 11

ACT Cmd Energy: 42794.75 pJ
PRE Cmd Energy: 14042.03 pJ
RD Cmd Energy: 14913.32 pJ
WR Cmd Energy: 1931.71 pJ

ACT Stdby Energy: 48792.50 pJ
ACT Stdby Energy total ranks: 48792.50 pJ
PRE Stdby Energy: 33676.55 pJ

Total Trace Energy: 156978.24 pJ
Average Power: 127.54 mW
