* Parsing memspecs/MICRON_4Gb_LPDDR3-1333_32bit_A.xml
* Analysis start time: Wed Apr 13 21:26:15 2016
* Analyzing the input trace
* Trace Details:

#ACT commands: 92905
#RD + #RDA commands: 81572
#WR + #WRA commands: 11333
#PRE (+ PREA) commands: 92905
#REF commands: 14895
#REFB commands: 0
#Active Cycles: 3842707
  #Active Idle Cycles: 252533
  #Active Power-Up Cycles: 0
    #Auto-Refresh Active cycles during Self-Refresh Power-Up: 0
#Precharged Cycles: 34885360
  #Precharged Idle Cycles: 33707499
  #Precharged Power-Up Cycles: 0
    #Auto-Refresh Precharged cycles during Self-Refresh Power-Up: 0
  #Self-Refresh Power-Up Cycles: 0
Total Idle Cycles (Active + Precharged): 33960032
#Power-Downs: 0
  #Active Fast-exit Power-Downs: 0
  #Active Slow-exit Power-Downs: 0
  #Precharged Fast-exit Power-Downs: 0
  #Precharged Slow-exit Power-Downs: 0
#Power-Down Cycles: 0
  #Active Fast-exit Power-Down Cycles: 0
  #Active Slow-exit Power-Down Cycles: 0
    #Auto-Refresh Active cycles during Self-Refresh: 0
  #Precharged Fast-exit Power-Down Cycles: 0
  #Precharged Slow-exit Power-Down Cycles: 0
    #Auto-Refresh Precharged cycles during Self-Refresh: 0
#Auto-Refresh Cycles: 1295865
#Self-Refreshes: 0
#Self-Refresh Cycles: 0
----------------------------------------
Total Trace Length (clock cycles): 38728067
----------------------------------------

* Trace Power and Energy Estimates:

ACT Cmd Energy: 298354587.71 pJ
PRE Cmd Energy: 102794437.78 pJ
RD Cmd Energy: 122981713.94 pJ
WR Cmd Energy: 19492080.36 pJACT Stdby Energy: 283450051.57 pJ
  Active Idle Energy: 18627621.59 pJ
  Active Power-Up Energy: 0.00 pJ
    Active Stdby Energy during Auto-Refresh cycles in Self-Refresh Power-Up: 0.00 pJ
PRE Stdby Energy: 2447728407.80 pJ
  Precharge Idle Energy: 2365083887.86 pJ
  Precharged Power-Up Energy: 0.00 pJ
    Precharge Stdby Energy during Auto-Refresh cycles in Self-Refresh Power-Up: 0.00 pJ
  Self-Refresh Power-Up Energy: 0.00 pJ
Total Idle Energy (Active + Precharged): 2383711509.45 pJ
Total Power-Down Energy: 0.00 pJ
  Fast-Exit Active Power-Down Energy: 0.00 pJ
  Slow-Exit Active Power-Down Energy: 0.00 pJ
    Slow-Exit Active Power-Down Energy during Auto-Refresh cycles in Self-Refresh: 0.00 pJ
  Fast-Exit Precharged Power-Down Energy: 0.00 pJ
  Slow-Exit Precharged Power-Down Energy: 0.00 pJ
    Slow-Exit Precharged Power-Down Energy during Auto-Refresh cycles in Self-Refresh: 0.00 pJ
Auto-Refresh Energy: 412656260.87 pJ
Bankwise-Refresh Energy: 0.00 pJ
Self-Refresh Energy: 0.00 pJ
----------------------------------------
Total Trace Energy: 3687457540.03 pJ
Average Power: 63.51 mW
----------------------------------------
* Power Computation End time: Wed Apr 13 21:26:16 2016
* Total Simulation time: 1.60766 seconds
