* Parsing memspecs/MICRON_2Gb_LPDDR2-1066-S4_16bit_A.xml
* Analysis start time: Mon Jul  6 10:46:11 2015
* Analyzing the input trace
* Trace Details:

#ACT commands: 4000
#RD + #RDA commands: 8000
#WR + #WRA commands: 0
#PRE (+ PREA) commands: 4000
#REF commands: 19
#REFB commands: 0
#Active Cycles: 41431
  #Active Idle Cycles: 0
  #Active Power-Up Cycles: 0
    #Auto-Refresh Active cycles during Self-Refresh Power-Up: 0
#Precharged Cycles: 503
  #Precharged Idle Cycles: 114
  #Precharged Power-Up Cycles: 0
    #Auto-Refresh Precharged cycles during Self-Refresh Power-Up: 0
  #Self-Refresh Power-Up Cycles: 0
Total Idle Cycles (Active + Precharged): 114
#Power-Downs: 0
  #Active Fast-exit Power-Downs: 0
  #Active Slow-exit Power-Downs: 0
  #Precharged Fast-exit Power-Downs: 0
  #Precharged Slow-exit Power-Downs: 0
#Power-Down Cycles: 0
  #Active Fast-exit Power-Down Cycles: 0
  #Active Slow-exit Power-Down Cycles: 0
    #Auto-Refresh Active cycles during Self-Refresh: 0
  #Precharged Fast-exit Power-Down Cycles: 0
  #Precharged Slow-exit Power-Down Cycles: 0
    #Auto-Refresh Precharged cycles during Self-Refresh: 0
#Auto-Refresh Cycles: 1330
#Self-Refreshes: 0
#Self-Refresh Cycles: 0
----------------------------------------
Total Trace Length (clock cycles): 41934
----------------------------------------

* Trace Power and Energy Estimates:

ACT Cmd Energy: 14333358.35 pJ
PRE Cmd Energy: 6196322.70 pJ
RD Cmd Energy: 14531482.18 pJ
WR Cmd Energy: 0.00 pJACT Stdby Energy: 2966241.95 pJ
  Active Idle Energy: 0.00 pJ
  Active Power-Up Energy: 0.00 pJ
    Active Stdby Energy during Auto-Refresh cycles in Self-Refresh Power-Up: 0.00 pJ
PRE Stdby Energy: 27801.84 pJ
  Precharge Idle Energy: 6301.01 pJ
  Precharged Power-Up Energy: 0.00 pJ
    Precharge Stdby Energy during Auto-Refresh cycles in Self-Refresh Power-Up: 0.00 pJ
  Self-Refresh Power-Up Energy: 0.00 pJ
Total Idle Energy (Active + Precharged): 6301.01 pJ
Total Power-Down Energy: 0.00 pJ
  Fast-Exit Active Power-Down Energy: 0.00 pJ
  Slow-Exit Active Power-Down Energy: 0.00 pJ
    Slow-Exit Active Power-Down Energy during Auto-Refresh cycles in Self-Refresh: 0.00 pJ
  Fast-Exit Precharged Power-Down Energy: 0.00 pJ
  Slow-Exit Precharged Power-Down Energy: 0.00 pJ
    Slow-Exit Precharged Power-Down Energy during Auto-Refresh cycles in Self-Refresh: 0.00 pJ
Auto-Refresh Energy: 379386.87 pJ
Bankwise-Refresh Energy: 0.00 pJ
Self-Refresh Energy: 0.00 pJ
----------------------------------------
Total Trace Energy: 38434593.88 pJ
Average Power: 488.52 mW
----------------------------------------
* Power Computation End time: Mon Jul  6 10:46:11 2015
* Total Simulation time: 0.037252 seconds
