* Parsing memspecs/MICRON_1Gb_DDR2-1066_16bit_H.xml
* Analysis start time: Wed Apr 13 21:27:18 2016
* Analyzing the input trace
* Trace Details:

#ACT commands: 1502
#RD + #RDA commands: 1499
#WR + #WRA commands: 3
#PRE (+ PREA) commands: 1502
#REF commands: 36
#REFB commands: 0
#Active Cycles: 36250
  #Active Idle Cycles: 12529
  #Active Power-Up Cycles: 0
    #Auto-Refresh Active cycles during Self-Refresh Power-Up: 0
#Precharged Cycles: 79232
  #Precharged Idle Cycles: 70243
  #Precharged Power-Up Cycles: 0
    #Auto-Refresh Precharged cycles during Self-Refresh Power-Up: 0
  #Self-Refresh Power-Up Cycles: 0
Total Idle Cycles (Active + Precharged): 82772
#Power-Downs: 0
  #Active Fast-exit Power-Downs: 0
  #Active Slow-exit Power-Downs: 0
  #Precharged Fast-exit Power-Downs: 0
  #Precharged Slow-exit Power-Downs: 0
#Power-Down Cycles: 0
  #Active Fast-exit Power-Down Cycles: 0
  #Active Slow-exit Power-Down Cycles: 0
    #Auto-Refresh Active cycles during Self-Refresh: 0
  #Precharged Fast-exit Power-Down Cycles: 0
  #Precharged Slow-exit Power-Down Cycles: 0
    #Auto-Refresh Precharged cycles during Self-Refresh: 0
#Auto-Refresh Cycles: 2448
#Self-Refreshes: 0
#Self-Refresh Cycles: 0
----------------------------------------
Total Trace Length (clock cycles): 115482
----------------------------------------

* Trace Power and Energy Estimates:

ACT Cmd Energy: 5843428.14 pJ
PRE Cmd Energy: 1917374.86 pJ
RD Cmd Energy: 2794383.49 pJ
WR Cmd Energy: 5795.12 pJACT Stdby Energy: 5141651.03 pJ
  Active Idle Energy: 1777096.44 pJ
  Active Power-Up Energy: 0.00 pJ
    Active Stdby Energy during Auto-Refresh cycles in Self-Refresh Power-Up: 0.00 pJ
PRE Stdby Energy: 9632708.44 pJ
  Precharge Idle Energy: 8539861.91 pJ
  Precharged Power-Up Energy: 0.00 pJ
    Precharge Stdby Energy during Auto-Refresh cycles in Self-Refresh Power-Up: 0.00 pJ
  Self-Refresh Power-Up Energy: 0.00 pJ
Total Idle Energy (Active + Precharged): 10316958.35 pJ
Total Power-Down Energy: 0.00 pJ
  Fast-Exit Active Power-Down Energy: 0.00 pJ
  Slow-Exit Active Power-Down Energy: 0.00 pJ
    Slow-Exit Active Power-Down Energy during Auto-Refresh cycles in Self-Refresh: 0.00 pJ
  Fast-Exit Precharged Power-Down Energy: 0.00 pJ
  Slow-Exit Precharged Power-Down Energy: 0.00 pJ
    Slow-Exit Precharged Power-Down Energy during Auto-Refresh cycles in Self-Refresh: 0.00 pJ
Auto-Refresh Energy: 975525.70 pJ
Bankwise-Refresh Energy: 0.00 pJ
Self-Refresh Energy: 0.00 pJ
----------------------------------------
Total Trace Energy: 26310866.79 pJ
Average Power: 121.44 mW
----------------------------------------
* Power Computation End time: Wed Apr 13 21:27:18 2016
* Total Simulation time: 0.009482 seconds
