* Parsing memspecs/MICRON_4Gb_LPDDR3-1333_32bit_A.xml
* Analysis start time: Tue Sep 13 16:51:43 2016
* Analyzing the input trace
* Trace Details:

#ACT commands: 92905
#RD + #RDA commands: 81572
#WR + #WRA commands: 11333
#PRE (+ PREA) commands: 92905
#REF commands: 697
#REFB commands: 0
#Active Cycles: 2719243
  #Active Idle Cycles: 241123
  #Active Power-Up Cycles: 0
    #Auto-Refresh Active cycles during Self-Refresh Power-Up: 230559
#Precharged Cycles: 6373921
  #Precharged Idle Cycles: 348111
  #Precharged Power-Up Cycles: 0
    #Auto-Refresh Precharged cycles during Self-Refresh Power-Up: 111972
  #Self-Refresh Power-Up Cycles: 5402467
Total Idle Cycles (Active + Precharged): 589234
#Power-Downs: 0
  #Active Fast-exit Power-Downs: 0
  #Active Slow-exit Power-Downs: 0
  #Precharged Fast-exit Power-Downs: 0
  #Precharged Slow-exit Power-Downs: 0
#Power-Down Cycles: 0
  #Active Fast-exit Power-Down Cycles: 0
  #Active Slow-exit Power-Down Cycles: 0
    #Auto-Refresh Active cycles during Self-Refresh: 4353216
  #Precharged Fast-exit Power-Down Cycles: 0
  #Precharged Slow-exit Power-Down Cycles: 0
    #Auto-Refresh Precharged cycles during Self-Refresh: 621432
#Auto-Refresh Cycles: 60639
#Self-Refreshes: 61117
#Self-Refresh Cycles: 24317799
----------------------------------------
Total Trace Length (clock cycles): 38728142
----------------------------------------

* Trace Power and Energy Estimates:

ACT Cmd Energy: 298354587.71 pJ
PRE Cmd Energy: 102794437.78 pJ
RD Cmd Energy: 122981713.94 pJ
WR Cmd Energy: 19492080.36 pJACT Stdby Energy: 200579843.48 pJ
  Active Idle Energy: 17785984.41 pJ
  Active Power-Up Energy: 0.00 pJ
    Active Stdby Energy during Auto-Refresh cycles in Self-Refresh Power-Up: 17006750.82 pJ
PRE Stdby Energy: 447225641.38 pJ
  Precharge Idle Energy: 24425179.61 pJ
  Precharged Power-Up Energy: 0.00 pJ
    Precharge Stdby Energy during Auto-Refresh cycles in Self-Refresh Power-Up: 7856506.15 pJ
  Self-Refresh Power-Up Energy: 379063651.57 pJ
Total Idle Energy (Active + Precharged): 42211164.02 pJ
Total Power-Down Energy: 0.00 pJ
  Fast-Exit Active Power-Down Energy: 0.00 pJ
  Slow-Exit Active Power-Down Energy: 0.00 pJ
    Slow-Exit Active Power-Down Energy during Auto-Refresh cycles in Self-Refresh: 77927134.99 pJ
  Fast-Exit Precharged Power-Down Energy: 0.00 pJ
  Slow-Exit Precharged Power-Down Energy: 0.00 pJ
    Slow-Exit Precharged Power-Down Energy during Auto-Refresh cycles in Self-Refresh: 1978892.91 pJ
Auto-Refresh Energy: 19309930.43 pJ
Bankwise-Refresh Energy: 0.00 pJ
Self-Refresh Energy: 1901894904.16 pJ
----------------------------------------
Total Trace Energy: 3217402424.11 pJ
Average Power: 55.41 mW
----------------------------------------
* Power Computation End time: Tue Sep 13 16:51:50 2016
* Total Simulation time: 7.42 seconds

